193 infeasible records available
AUDIT MS R q 3 m 41/200 cells 82 cpsat infeasible | highs unknown 322s
AUDIT ID R q 1 m 61/200 cells 44 cpsat infeasible | highs infeasible 1s
AUDIT NE R q 1 m 67/200 cells 93 cpsat infeasible | highs infeasible 4s
AUDIT RI D q 2 m 31/200 cells 5 cpsat infeasible | highs infeasible 0s
AUDIT CT D q 2 m 51/200 cells 8 cpsat infeasible | highs infeasible 0s
AUDIT CT R q 2 m 0 cells 8 cpsat infeasible | highs infeasible 9s
AUDIT NV D q 1 m 41/200 cells 17 cpsat infeasible | highs infeasible 10s
AUDIT IA D q 4 m 0 cells 99 cpsat infeasible | highs infeasible 7s
AUDIT MT R q 2 m 9/100 cells 56 cpsat infeasible | highs infeasible 1s
AUDIT NV R q 4 m 0 cells 17 cpsat infeasible | highs infeasible 1s
AUDIT CT D q 4 m 3/20 cells 8 cpsat infeasible | highs infeasible 1s
AUDIT NM R q 1 m 19/100 cells 34 cpsat infeasible | highs infeasible 1s
AUDIT KS R q 3 m 37/200 cells 105 cpsat infeasible | highs infeasible 8s
AUDIT AR R q 4 m 3/20 cells 76 cpsat infeasible | highs infeasible 4s
AUDIT IA D q 1 m 29/200 cells 99 cpsat infeasible | highs unknown 513s
AUDIT NH D q 1 m 17/100 cells 10 cpsat infeasible | highs infeasible 0s
AUDIT NE R q 3 m 11/100 cells 93 cpsat infeasible | highs infeasible 2s
AUDIT CT D q 5 m 21/200 cells 8 cpsat infeasible | highs infeasible 0s
AUDIT ME D q 1 m 27/200 cells 16 cpsat infeasible | highs infeasible 1s
AUDIT IA D q 2 m 19/200 cells 99 cpsat infeasible | highs unknown 304s
AUDIT NV D q 3 m 13/200 cells 17 cpsat infeasible | highs infeasible 21s
AUDIT NE R q 3 m 21/200 cells 93 cpsat infeasible | highs infeasible 2s
AUDIT CT D q 5 m 1/8 cells 8 cpsat infeasible | highs infeasible 0s
AUDIT NV R q 1 m 33/200 cells 17 cpsat infeasible | highs infeasible 0s
AUDIT IA R q 3 m 3/25 cells 99 cpsat infeasible | highs infeasible 4s
AUDIT ME D q 1 m 63/200 cells 16 cpsat infeasible | highs infeasible 0s
AUDIT RI D q 1 m 7/20 cells 5 cpsat infeasible | highs infeasible 0s
AUDIT OK R q 5 m 17/100 cells 77 cpsat infeasible | highs infeasible 4s
AUDIT UT R q 4 m 7/50 cells 29 cpsat infeasible | highs infeasible 1s
AUDIT RI R q 1 m 0 cells 5 cpsat infeasible | highs infeasible 0s
AUDIT NV R q 2 m 7/100 cells 17 cpsat infeasible | highs infeasible 4s
AUDIT RI D q 1 m 43/200 cells 5 cpsat infeasible | highs infeasible 0s
AUDIT WV R q 2 m 23/100 cells 55 cpsat infeasible | highs infeasible 0s
AUDIT WV R q 1 m 57/200 cells 55 cpsat infeasible | highs infeasible 0s
AUDIT KS R q 4 m 17/200 cells 105 cpsat infeasible | highs infeasible 3s
AUDIT CT D q 1 m 17/50 cells 8 cpsat infeasible | highs infeasible 0s
AUDIT NV D q 3 m 1/20 cells 24 cpsat infeasible | highs unknown 344s
AUDIT IA R q 4 m 1/20 cells 99 cpsat infeasible | highs infeasible 5s
AUDIT MS D q 1 m 6/25 cells 82 cpsat infeasible | highs unknown 305s
AUDIT UT D q 2 m 1/20 cells 29 cpsat infeasible | highs infeasible 177s
AUDIT ID D q 1 m 0 cells 44 cpsat infeasible | highs infeasible 0s
AUDIT NV D q 2 m 3/20 cells 17 cpsat infeasible | highs infeasible 0s
AUDIT IA R q 2 m 33/200 cells 99 cpsat infeasible | highs unknown 308s
AUDIT NV R q 2 m 19/200 cells 17 cpsat infeasible | highs infeasible 0s
AUDIT MS R q 1 m 9/25 cells 82 cpsat infeasible | highs unknown 302s
AUDIT NV R q 1 m 7/25 cells 17 cpsat infeasible | highs infeasible 0s
AUDIT KS D q 1 m 1/5 cells 105 cpsat infeasible | highs infeasible 2s
AUDIT IA R q 1 m 53/200 cells 99 cpsat infeasible | highs infeasible 2s
AUDIT KS D q 2 m 2/25 cells 105 cpsat infeasible | highs unknown 504s
AUDIT NE D q 1 m 59/200 cells 93 cpsat infeasible | highs infeasible 1s
AUDIT WV D q 1 m 0 cells 55 cpsat infeasible | highs infeasible 2s
AUDIT NV D q 3 m 9/100 cells 17 cpsat infeasible | highs infeasible 14s
AUDIT CT D q 5 m 11/100 cells 8 cpsat infeasible | highs infeasible 1s
AUDIT RI D q 1 m 47/200 cells 5 cpsat infeasible | highs infeasible 0s
AUDIT KS R q 1 m 57/200 cells 105 cpsat infeasible | highs unknown 326s
AUDIT NM D q 3 m 3/50 cells 34 cpsat infeasible | highs infeasible 0s
AUDIT NV D q 1 m 43/200 cells 17 cpsat infeasible | highs infeasible 0s
AUDIT NE R q 3 m 1/10 cells 93 cpsat infeasible | highs infeasible 1s
AUDIT MS R q 2 m 29/100 cells 82 cpsat infeasible | highs unknown 303s
AUDIT NM D q 1 m 69/200 cells 34 cpsat infeasible | highs infeasible 0s
AUDIT NH D q 2 m 9/200 cells 10 cpsat infeasible | highs infeasible 0s
AUDIT MT R q 2 m 21/200 cells 56 cpsat infeasible | highs infeasible 0s
AUDIT MS D q 2 m 17/100 cells 82 cpsat infeasible | highs infeasible 3s
AUDIT ME D q 2 m 17/200 cells 16 cpsat infeasible | highs infeasible 0s
AUDIT WV R q 1 m 27/100 cells 55 cpsat infeasible | highs infeasible 223s
AUDIT ME D q 1 m 13/100 cells 16 cpsat infeasible | highs infeasible 1s
AUDIT AR R q 4 m 29/200 cells 76 cpsat infeasible | highs infeasible 2s
AUDIT MS D q 1 m 33/100 cells 82 cpsat infeasible | highs infeasible 23s
AUDIT WV R q 2 m 21/100 cells 55 cpsat infeasible | highs infeasible 0s
AUDIT ME R q 1 m 27/100 cells 16 cpsat infeasible | highs infeasible 0s
AUDIT UT R q 3 m 9/40 cells 29 cpsat infeasible | highs infeasible 1s
AUDIT NH D q 1 m 23/200 cells 10 cpsat infeasible | highs infeasible 0s
AUDIT ID R q 2 m 33/200 cells 44 cpsat infeasible | highs infeasible 0s
AUDIT UT R q 4 m 11/100 cells 29 cpsat infeasible | highs infeasible 1s
AUDIT RI D q 2 m 13/100 cells 5 cpsat infeasible | highs infeasible 0s
AUDIT OK D q 3 m 0 cells 77 cpsat infeasible | highs infeasible 3s
AUDIT MS D q 4 m 0 cells 82 cpsat infeasible | highs infeasible 2s
AUDIT UT R q 1 m 33/100 cells 29 cpsat infeasible | highs infeasible 0s
AUDIT NV D q 2 m 7/50 cells 17 cpsat infeasible | highs infeasible 4s
AUDIT ME D q 2 m 11/200 cells 16 cpsat infeasible | highs infeasible 0s
SUMMARY agree 70 disagree 0 unknown 10
