20 queries
{"state": "ID", "party": "D", "q": 1, "m": "0", "n_atoms": 935, "cegar": {"status": "infeasible", "seconds": 0.23, "cells": 44}, "cpsat_atomic": {"status": "infeasible", "seconds": 6.26}, "milp_atomic": {"status": "infeasible", "seconds": 2.46}}
{"state": "ID", "party": "R", "q": 2, "m": "4/25", "n_atoms": 935, "cegar": {"status": "infeasible", "seconds": 0.22, "cells": 44}, "cpsat_atomic": {"status": "infeasible", "seconds": 1.22}, "milp_atomic": {"status": "infeasible", "seconds": 2.1}}
{"state": "ME", "party": "D", "q": 1, "m": "13/100", "n_atoms": 567, "cegar": {"status": "infeasible", "seconds": 0.21, "cells": 16}, "cpsat_atomic": {"status": "infeasible", "seconds": 19.36}, "milp_atomic": {"status": "infeasible", "seconds": 40.97}}
{"state": "ME", "party": "D", "q": 2, "m": "1/20", "n_atoms": 567, "cegar": {"status": "infeasible", "seconds": 0.07, "cells": 16}, "cpsat_atomic": {"status": "infeasible", "seconds": 0.73}, "milp_atomic": {"status": "infeasible", "seconds": 0.99}}
{"state": "ME", "party": "R", "q": 1, "m": "1/20", "n_atoms": 567, "cegar": {"status": "infeasible", "seconds": 0.16, "cells": 16}, "cpsat_atomic": {"status": "infeasible", "seconds": 5.44}, "milp_atomic": {"status": "infeasible", "seconds": 1.63}}
{"state": "ME", "party": "R", "q": 2, "m": "0", "n_atoms": 567, "cegar": {"status": "infeasible", "seconds": 0.06, "cells": 16}, "cpsat_atomic": {"status": "infeasible", "seconds": 0.71}, "milp_atomic": {"status": "infeasible", "seconds": 1.02}}
{"state": "ID", "party": "R", "q": 1, "m": "13/50", "n_atoms": 935, "cegar": {"status": "infeasible", "seconds": 18.97, "cells": 44}, "cpsat_atomic": {"status": "unknown", "seconds": 300.89}, "milp_atomic": {"status": "unknown", "seconds": 302.46}}
{"state": "MT", "party": "D", "q": 2, "m": "0", "n_atoms": 666, "cegar": {"status": "infeasible", "seconds": 0.16, "cells": 56}, "cpsat_atomic": {"status": "infeasible", "seconds": 0.6}, "milp_atomic": {"status": "infeasible", "seconds": 0.84}}
{"state": "MT", "party": "D", "q": 1, "m": "1/40", "n_atoms": 666, "cegar": {"status": "infeasible", "seconds": 91.29, "cells": 56}, "cpsat_atomic": {"status": "unknown", "seconds": 300.69}, "milp_atomic": {"status": "unknown", "seconds": 300.92}}
{"state": "MT", "party": "R", "q": 2, "m": "17/200", "n_atoms": 666, "cegar": {"status": "infeasible", "seconds": 0.27, "cells": 56}, "cpsat_atomic": {"status": "infeasible", "seconds": 1.04}, "milp_atomic": {"status": "infeasible", "seconds": 1.37}}
{"state": "MT", "party": "R", "q": 1, "m": "39/200", "n_atoms": 666, "cegar": {"status": "infeasible", "seconds": 7.3, "cells": 56}, "cpsat_atomic": {"status": "unknown", "seconds": 300.52}, "milp_atomic": {"status": "unknown", "seconds": 301.33}}
{"state": "NH", "party": "D", "q": 2, "m": "1/25", "n_atoms": 321, "cegar": {"status": "infeasible", "seconds": 0.07, "cells": 10}, "cpsat_atomic": {"status": "infeasible", "seconds": 0.28}, "milp_atomic": {"status": "infeasible", "seconds": 0.25}}
{"state": "NH", "party": "D", "q": 1, "m": "3/40", "n_atoms": 321, "cegar": {"status": "infeasible", "seconds": 0.1, "cells": 10}, "cpsat_atomic": {"status": "unknown", "seconds": 300.35}, "milp_atomic": {"status": "unknown", "seconds": 300.26}}
{"state": "RI", "party": "D", "q": 1, "m": "41/200", "n_atoms": 423, "cegar": {"status": "infeasible", "seconds": 51.54, "cells": 143}, "cpsat_atomic": {"status": "infeasible", "seconds": 18.53}, "milp_atomic": {"status": "unknown", "seconds": 300.61}}
{"state": "RI", "party": "D", "q": 2, "m": "11/100", "n_atoms": 423, "cegar": {"status": "infeasible", "seconds": 0.02, "cells": 5}, "cpsat_atomic": {"status": "infeasible", "seconds": 0.41}, "milp_atomic": {"status": "infeasible", "seconds": 0.43}}
{"state": "RI", "party": "R", "q": 1, "m": "0", "n_atoms": 423, "cegar": {"status": "infeasible", "seconds": 0.01, "cells": 5}, "cpsat_atomic": {"status": "infeasible", "seconds": 1.25}, "milp_atomic": {"status": "infeasible", "seconds": 0.54}}
{"state": "WV", "party": "D", "q": 1, "m": "0", "n_atoms": 1671, "cegar": {"status": "infeasible", "seconds": 0.34, "cells": 55}, "cpsat_atomic": {"status": "infeasible", "seconds": 10.93}, "milp_atomic": {"status": "infeasible", "seconds": 4.81}}
{"state": "NH", "party": "R", "q": 1, "m": "0", "n_atoms": 321, "cegar": {"status": "infeasible", "seconds": 0.07, "cells": 10}, "cpsat_atomic": {"status": "unknown", "seconds": 300.28}, "milp_atomic": {"status": "unknown", "seconds": 300.27}}
{"state": "WV", "party": "R", "q": 2, "m": "1/5", "n_atoms": 1671, "cegar": {"status": "infeasible", "seconds": 0.32, "cells": 55}, "cpsat_atomic": {"status": "infeasible", "seconds": 2.28}, "milp_atomic": {"status": "infeasible", "seconds": 6.84}}
{"state": "WV", "party": "R", "q": 1, "m": "27/100", "n_atoms": 1671, "cegar": {"status": "infeasible", "seconds": 197.19, "cells": 55}, "cpsat_atomic": {"status": "unknown", "seconds": 301.11}, "milp_atomic": {"status": "unknown", "seconds": 323.19}}
