60 brackets to boost
boost AR D q 1 margin 0.047923625340331774
boost AR D q 1 margin 0.055991315200109415
boost AR D q 1 margin 0.0435098329486217
boost AR D q 1 margin 0.04555122545075458
boost AR D q 2 margin -0.07889381425760499
boost AR D q 2 margin -0.07780035725391786
boost AR D q 2 margin -0.0764968130900016
boost AR D q 2 margin -0.07618946413447233
boost AR R q 1 margin 0.29861142860875073
boost AR R q 1 margin 0.2959368196343529
boost AR R q 1 margin 0.2958805899982371
boost AR R q 1 margin 0.2961845409484742
boost AR R q 2 margin 0.2436378475203239
boost AR R q 2 margin 0.23139821930587198
boost AR R q 2 margin 0.24299515211129066
boost AR R q 2 margin 0.23879566339305364
boost AR R q 3 margin 0.18706008055144088
boost AR R q 3 margin 0.19193931551959031
boost AR R q 3 margin 0.192810904059986
boost AR R q 3 margin 0.1993997861344969
boost CT D q 1 margin 0.19679743253813692
boost CT D q 1 margin 0.20115705735090417
boost CT D q 1 margin 0.17926089602715126
boost CT D q 1 margin 0.1801307955333445
boost CT D q 2 margin 0.1798070333152353
boost CT D q 2 margin 0.1795236677582614
boost CT D q 2 margin 0.17845556075192437
boost CT D q 2 margin 0.17946866201618975
boost CT D q 3 margin 0.1421700566054466
boost CT D q 3 margin 0.1421700566054466
boost CT D q 3 margin 0.14267981850939088
boost CT D q 3 margin 0.14104032651880075
boost CT D q 4 margin 0.10796780905921424
boost CT D q 4 margin 0.10796780905921424
boost CT D q 4 margin 0.1076161475757433
boost CT D q 4 margin 0.1081027395594328
boost CT R q 1 margin 0.0003464181939362327
boost CT R q 1 margin -3.826130093700607e-05
boost CT R q 1 margin -0.0023403383916556298
boost CT R q 1 margin -9.514094073247953e-05
boost IA D q 1 margin 0.11369002544845137
boost IA D q 1 margin 0.06623234826634974
boost IA D q 1 margin 0.11362145428188843
boost IA D q 1 margin 0.1038395493347499
boost IA D q 2 margin 0.04977206249205154
boost IA D q 2 margin 0.0509854641293011
boost IA D q 2 margin 0.05046196195951915
boost IA D q 2 margin 0.05152362994951645
boost IA D q 3 margin 0.0008327973350485278
boost IA D q 3 margin 0.0015957127956744315
boost IA D q 3 margin 0.0028210243603182346
boost IA D q 3 margin 0.0028789629461668906
boost IA R q 1 margin 0.18773649661625536
boost IA R q 1 margin 0.18645514899630514
boost IA R q 1 margin 0.18770862713838984
boost IA R q 1 margin 0.18796271928735644
boost IA R q 2 margin 0.14199342422689898
boost IA R q 2 margin 0.14166445675790101
boost IA R q 2 margin 0.13998846229609688
boost IA R q 2 margin 0.13723654927070494
boost IA R q 3 margin 0.07508538781593492
boost IA R q 3 margin 0.07508538781593492
boost IA R q 3 margin 0.07253213569622183
boost IA R q 3 margin 0.07318397275540611
boost IA R q 4 margin 0.040156682823464615
boost IA R q 4 margin 0.03931258403181051
boost IA R q 4 margin 0.02813787486825716
boost IA R q 4 margin 0.026471976799082756
boost KS D q 1 margin 0.10851095163382404
boost KS D q 1 margin 0.0968453882336901
boost KS D q 1 margin 0.10179433701344336
boost KS D q 1 margin 0.10672838809020767
boost KS D q 2 margin 0.021451165844819205
boost KS D q 2 margin 0.017776647533241298
boost KS D q 2 margin 0.021942263409730805
boost KS D q 2 margin 0.020951934087784518
boost KS D q 3 margin -0.04439841867351278
boost KS D q 3 margin -0.08823395108841008
boost KS D q 3 margin -0.03899783807294265
boost KS D q 3 margin -0.06994532059590887
boost MS D q 1 margin 0.1578989464307558
boost MS D q 1 margin 0.1579048994521279
boost MS D q 1 margin 0.14338178820092104
boost MS D q 1 margin 0.13759111739919416
boost MS D q 2 margin 0.02310643951947606
boost MS D q 2 margin 0.023037611290192852
boost MS D q 2 margin 0.009776665188285266
boost MS D q 2 margin 0.01359645460293223
boost MS D q 3 margin -0.05427487463913595
boost MS D q 3 margin -0.05400879980444879
boost MS D q 3 margin -0.06713219262415834
boost MS D q 3 margin -0.050406045863763654
boost MS R q 1 margin 0.22125618546144038
boost MS R q 1 margin 0.21739372356999778
boost MS R q 1 margin 0.22260893754193053
boost MS R q 1 margin 0.21598778886467102
boost MS R q 2 margin 0.1945349657244655
boost MS R q 2 margin 0.1945349657244655
boost MS R q 2 margin 0.17370513696031564
boost MS R q 2 margin 0.18093287486918821
boost MS R q 3 margin 0.15617719384322493
boost MS R q 3 margin 0.15654727789351747
boost MS R q 3 margin 0.1567488121386718
boost MS R q 3 margin 0.15446670208051097
boost MS R q 4 margin 0.07380736089184446
boost MS R q 4 margin 0.07442718886392713
boost MS R q 4 margin 0.07025426119192489
boost MS R q 4 margin 0.057981627727134256
boost MT D q 1 margin 3.529376174357906e-05
boost MT D q 1 margin -0.010540173626062974
boost MT D q 1 margin 3.529376174357906e-05
boost MT D q 1 margin -0.010112980573843779
boost MT R q 1 margin 0.17530088043805114
boost MT R q 1 margin 0.16392628124932979
boost MT R q 1 margin 0.17530088043805114
boost MT R q 1 margin 0.16486950390473376
boost NE D q 1 margin 0.08633995412273059
boost NE D q 1 margin 0.05615853219563868
boost NE D q 1 margin 0.08633995412273059
boost NE D q 1 margin 0.05563758227948069
boost NE D q 2 margin -0.00503425982472015
boost NE D q 2 margin -0.0038209991608534953
boost NE D q 2 margin -0.006003349535346413
boost NE D q 2 margin -0.003189067571065434
boost NE R q 1 margin 0.2831429283791818
boost NE R q 1 margin 0.2823524354479715
boost NE R q 1 margin 0.2831429283791818
boost NE R q 1 margin 0.28263606817230347
boost NE R q 2 margin 0.16850547483505623
boost NE R q 2 margin 0.16735171760954587
boost NE R q 2 margin 0.16850547483505623
boost NE R q 2 margin 0.16768331551746118
boost NE R q 3 margin 0.09381753265056846
boost NE R q 3 margin 0.09710261100720065
boost NE R q 3 margin 0.08754969072164949
boost NE R q 3 margin 0.09180354699083827
boost NM D q 1 margin 0.19191300046394016
boost NM D q 1 margin 0.18479928738556528
boost NM D q 1 margin 0.19281257979804986
boost NM D q 1 margin 0.18997399772059925
boost NM D q 2 margin 0.11361156227794132
boost NM D q 2 margin 0.11357936223575779
boost NM D q 2 margin 0.11361421921070898
boost NM D q 2 margin 0.12346340656715686
boost NM D q 3 margin 0.048737726729204914
boost NM D q 3 margin 0.05211352532872873
boost NM D q 3 margin 0.04724740040557988
boost NM D q 3 margin 0.04753203819689924
boost NM R q 1 margin 0.0947033331134795
boost NM R q 1 margin 0.0947033331134795
boost NM R q 1 margin 0.09297281147296087
boost NM R q 1 margin 0.10983288120834589
boost NM R q 2 margin 0.010763294083704493
boost NM R q 2 margin -0.012491586360875348
boost NM R q 2 margin 0.010763294083704493
boost NM R q 2 margin 0.006876450901847634
boost NV D q 1 margin 0.17862850057196747
boost NV D q 1 margin 0.17849236708815924
boost NV D q 1 margin 0.17775881806596538
boost NV D q 1 margin 0.17689474628093027
boost NV D q 2 margin 0.10362153823551018
boost NV D q 2 margin 0.10132126754257634
boost NV D q 2 margin 0.10077031728617489
boost NV D q 2 margin 0.10269990585901849
boost NV D q 3 margin 0.04058504875406284
boost NV D q 3 margin 0.040505122706695255
boost NV D q 3 margin 0.04036884456936049
boost NV D q 3 margin 0.039609877593932266
boost NV D q 4 margin -0.03426423852612577
boost NV D q 4 margin -0.03942939975623091
boost NV D q 4 margin -0.039223223887197116
boost NV D q 4 margin -0.027982116530829514
boost NV R q 1 margin 0.05907382004775695
boost NV R q 1 margin 0.05907382004775695
boost NV R q 1 margin 0.05907382004775695
boost NV R q 1 margin 0.05907382004775695
boost NV R q 2 margin 0.05407886458107704
boost NV R q 2 margin 0.05424021776818659
boost NV R q 2 margin 0.0548948323829443
boost NV R q 2 margin 0.053653410176563845
boost NV R q 3 margin 0.005234907246291326
boost NV R q 3 margin 0.004708837339385888
boost NV R q 3 margin 0.006026887257159283
boost NV R q 3 margin 0.004703397965060472
boost OK D q 1 margin 0.03794661565090644
boost OK D q 1 margin 0.041897518336915886
boost OK D q 1 margin 0.035613187004616326
boost OK D q 1 margin 0.03934224817934154
boost OK D q 2 margin -0.06082712535412882
boost OK D q 2 margin -0.08791595721819054
boost OK D q 2 margin -0.07219467645041919
boost OK D q 2 margin -0.07846449109090393
boost OK R q 1 margin 0.3170299546416888
boost OK R q 1 margin 0.31698285810336857
boost OK R q 1 margin 0.30180707466071627
boost OK R q 1 margin 0.30141395200911714
boost OK R q 2 margin 0.28296238685442904
boost OK R q 2 margin 0.2828196787283276
boost OK R q 2 margin 0.27783474510963413
boost OK R q 2 margin 0.2816807050854761
boost OK R q 3 margin 0.2478197938493962
boost OK R q 3 margin 0.24961431704212608
boost OK R q 3 margin 0.23854549384050142
boost OK R q 3 margin 0.2527313016707181
boost OK R q 4 margin 0.1990277840291665
boost OK R q 4 margin 0.20852088246630648
boost OK R q 4 margin 0.19451420608500425
boost OK R q 4 margin 0.20413467652011105
boost OK R q 5 margin 0.16523210601221647
boost OK R q 5 margin 0.16390164469412152
boost OK R q 5 margin 0.16312552774547134
boost OK R q 5 margin 0.15707567833967637
boost UT D q 1 margin 0.14769507892081696
boost UT D q 1 margin 0.14552039208315865
boost UT D q 1 margin 0.14616298643430042
boost UT D q 1 margin 0.1464603885467266
boost UT D q 2 margin 0.019470521808286328
boost UT D q 2 margin 0.01653945336647518
boost UT D q 2 margin 0.019231413355365257
boost UT D q 2 margin 0.01115434671153821
boost UT R q 1 margin 0.28189520429679293
boost UT R q 1 margin 0.2772911942941493
boost UT R q 1 margin 0.27609759128247935
boost UT R q 1 margin 0.2775193292308027
boost UT R q 2 margin 0.22931752019655324
boost UT R q 2 margin 0.2216556822852733
boost UT R q 2 margin 0.2254006442931126
boost UT R q 2 margin 0.23198008793367159
boost UT R q 3 margin 0.18064435455810718
boost UT R q 3 margin 0.17845473387800206
boost UT R q 3 margin 0.18064435455810718
boost UT R q 3 margin 0.18153893654902165
boost UT R q 4 margin 0.08487323246036743
boost UT R q 4 margin 0.08230531420609816
boost UT R q 4 margin 0.0881945087819442
boost UT R q 4 margin 0.05918208766224422
boost WV R q 1 margin 0.2600042690302186
boost WV R q 1 margin 0.23921452831210496
boost WV R q 1 margin 0.2600042690302186
boost WV R q 1 margin 0.24196766228760144
done
