22 jobs
  [AR D q=1] m=0.130: pool-infeasible (2s)
  [AR R q=1] m=0.315: pool-infeasible (7s)
  [AR D q=1] m=0.125: pool-infeasible (17s)
  [AR D q=1] m=0.120: pool-open (20s)
  [AR D q=2] m=0.130: pool-infeasible (2s)
  [AR D q=2] m=0.125: pool-infeasible (2s)
  [AR D q=2] m=0.120: pool-infeasible (2s)
  [AR D q=2] m=0.115: pool-infeasible (2s)
  [AR R q=1] m=0.310: pool-open (40s)
  [AR D q=2] m=0.110: pool-infeasible (2s)
  [AR R q=2] m=0.315: pool-infeasible (1s)
  [AR D q=2] m=0.105: pool-infeasible (1s)
  [AR R q=2] m=0.310: pool-infeasible (1s)
  [AR D q=2] m=0.100: pool-infeasible (1s)
  [AR R q=2] m=0.305: pool-infeasible (1s)
  [AR D q=2] m=0.095: pool-infeasible (1s)
  [AR D q=2] m=0.090: pool-infeasible (2s)
  [AR D q=2] m=0.085: pool-infeasible (2s)
  [AR D q=2] m=0.080: pool-infeasible (2s)
  [AR D q=2] m=0.075: pool-infeasible (1s)
  [AR D q=2] m=0.070: pool-infeasible (1s)
  [AR D q=2] m=0.065: pool-infeasible (2s)
  [AR R q=2] m=0.300: pool-infeasible (11s)
  [AR D q=2] m=0.060: pool-infeasible (2s)
  [AR D q=2] m=0.055: pool-infeasible (2s)
  [AR D q=2] m=0.050: pool-infeasible (2s)
  [AR R q=2] m=0.295: pool-infeasible (11s)
  [AR D q=2] m=0.045: pool-infeasible (15s)
  [AR R q=2] m=0.290: pool-open (20s)
  [AR R q=3] m=0.245: pool-infeasible (3s)
  [AR R q=3] m=0.240: pool-infeasible (3s)
  [AR D q=2] m=0.040: pool-open (20s)
DONE ('AR', 'D') rc 0
  [CT D q=1] m=0.335: pool-infeasible (0s)
  [CT D q=1] m=0.330: pool-infeasible (0s)
  [CT D q=1] m=0.325: pool-infeasible (0s)
  [AR R q=3] m=0.235: pool-infeasible (11s)
  [CT D q=1] m=0.320: pool-open (23s)
  [CT D q=2] m=0.250: pool-infeasible (0s)
  [CT D q=2] m=0.245: pool-infeasible (0s)
  [AR R q=3] m=0.230: pool-open (20s)
  [CT D q=2] m=0.240: pool-infeasible (0s)
  [CT D q=2] m=0.235: pool-infeasible (0s)
DONE ('AR', 'R') rc 0
  [IA D q=1] m=0.140: pool-open (20s)
  [CT D q=2] m=0.230: pool-open (39s)
  [CT D q=3] m=0.190: pool-infeasible (0s)
  [CT D q=3] m=0.185: pool-infeasible (0s)
  [CT D q=3] m=0.180: pool-infeasible (1s)
  [CT D q=3] m=0.175: pool-infeasible (1s)
  [IA D q=2] m=0.090: pool-open (20s)
  [IA D q=3] m=0.090: pool-infeasible (3s)
  [IA D q=3] m=0.085: pool-infeasible (3s)
  [IA D q=3] m=0.080: pool-infeasible (3s)
  [IA D q=3] m=0.075: pool-infeasible (3s)
  [IA D q=3] m=0.070: pool-infeasible (3s)
  [IA D q=3] m=0.065: pool-infeasible (3s)
  [CT D q=3] m=0.170: pool-open (20s)
  [CT D q=4] m=0.145: pool-infeasible (0s)
  [CT D q=4] m=0.140: pool-infeasible (2s)
  [IA D q=3] m=0.060: pool-infeasible (3s)
  [IA D q=3] m=0.055: pool-infeasible (3s)
  [IA D q=3] m=0.050: pool-infeasible (3s)
  [IA D q=3] m=0.045: pool-infeasible (3s)
  [IA D q=3] m=0.040: pool-infeasible (2s)
  [IA D q=3] m=0.035: pool-infeasible (3s)
  [IA D q=3] m=0.030: pool-infeasible (3s)
  [CT D q=4] m=0.135: pool-open (29s)
DONE ('CT', 'D') rc 0
  [IA R q=1] m=0.210: pool-infeasible (5s)
  [IA D q=3] m=0.025: pool-open (20s)
DONE ('IA', 'D') rc 0
  [KS D q=1] m=0.145: pool-open (20s)
  [IA R q=1] m=0.205: pool-open (40s)
  [KS D q=2] m=0.075: pool-open (20s)
  [KS D q=3] m=0.075: pool-infeasible (4s)
  [KS D q=3] m=0.070: pool-infeasible (4s)
  [KS D q=3] m=0.065: pool-infeasible (3s)
  [KS D q=3] m=0.060: pool-infeasible (4s)
  [IA R q=2] m=0.160: pool-open (20s)
  [KS D q=3] m=0.055: pool-infeasible (3s)
  [KS D q=3] m=0.050: pool-infeasible (3s)
  [KS D q=3] m=0.045: pool-infeasible (3s)
  [KS D q=3] m=0.040: pool-infeasible (3s)
  [KS D q=3] m=0.035: pool-infeasible (3s)
  [KS D q=3] m=0.030: pool-infeasible (4s)
  [IA R q=3] m=0.105: pool-open (20s)
DONE ('IA', 'R') rc 0
  [KS D q=3] m=0.025: pool-infeasible (4s)
  [KS D q=3] m=0.020: pool-infeasible (3s)
  [KS D q=3] m=0.015: pool-infeasible (4s)
  [KS D q=3] m=0.010: pool-infeasible (6s)
  [KS D q=3] m=0.005: pool-open (20s)
DONE ('KS', 'D') rc 0
  [MS D q=1] m=0.215: pool-infeasible (2s)
  [KS R q=1] m=0.280: pool-open (40s)
  [MS D q=1] m=0.210: pool-infeasible (5s)
  [MS D q=1] m=0.205: pool-infeasible (13s)
  [KS R q=2] m=0.225: pool-open (20s)
  [MS D q=1] m=0.200: pool-infeasible (10s)
  [KS R q=3] m=0.155: pool-infeasible (12s)
  [MS D q=1] m=0.195: pool-open (20s)
  [MS D q=2] m=0.165: pool-infeasible (3s)
  [KS R q=3] m=0.150: pool-open (20s)
  [MS D q=2] m=0.160: pool-infeasible (5s)
DONE ('KS', 'R') rc 0
  [MS R q=1] m=0.320: pool-infeasible (1s)
  [MS R q=1] m=0.315: pool-infeasible (1s)
  [MS R q=1] m=0.310: pool-infeasible (2s)
  [MS R q=1] m=0.305: pool-infeasible (9s)
  [MS D q=2] m=0.155: pool-open (20s)
  [MS D q=3] m=0.165: pool-infeasible (2s)
  [MS R q=1] m=0.300: pool-infeasible (8s)
  [MS D q=3] m=0.160: pool-infeasible (2s)
  [MS D q=3] m=0.155: pool-infeasible (2s)
  [MS D q=3] m=0.150: pool-infeasible (2s)
  [MS D q=3] m=0.145: pool-infeasible (2s)
  [MS D q=3] m=0.140: pool-infeasible (2s)
  [MS D q=3] m=0.135: pool-infeasible (2s)
  [MS D q=3] m=0.130: pool-infeasible (2s)
  [MS D q=3] m=0.125: pool-infeasible (2s)
  [MS D q=3] m=0.120: pool-infeasible (2s)
  [MS D q=3] m=0.115: pool-infeasible (2s)
  [MS R q=1] m=0.295: pool-open (20s)
  [MS D q=3] m=0.110: pool-infeasible (2s)
  [MS D q=3] m=0.105: pool-infeasible (2s)
  [MS D q=3] m=0.100: pool-infeasible (2s)
  [MS D q=3] m=0.095: pool-infeasible (2s)
  [MS D q=3] m=0.090: pool-infeasible (2s)
  [MS D q=3] m=0.085: pool-infeasible (2s)
  [MS D q=3] m=0.080: pool-infeasible (2s)
  [MS D q=3] m=0.075: pool-infeasible (2s)
  [MS D q=3] m=0.070: pool-infeasible (2s)
  [MS R q=2] m=0.285: pool-open (20s)
  [MS D q=3] m=0.065: pool-infeasible (2s)
  [MS D q=3] m=0.060: pool-infeasible (2s)
  [MS D q=3] m=0.055: pool-infeasible (3s)
  [MS D q=3] m=0.050: pool-infeasible (2s)
  [MS D q=3] m=0.045: pool-infeasible (2s)
  [MS D q=3] m=0.040: pool-infeasible (3s)
  [MS D q=3] m=0.035: pool-infeasible (2s)
  [MS D q=3] m=0.030: pool-infeasible (4s)
  [MS R q=3] m=0.200: pool-open (20s)
DONE ('MS', 'R') rc 0
  [MS D q=3] m=0.025: pool-open (20s)
DONE ('MS', 'D') rc 0
  [MT R q=1] m=0.190: pool-open (1s)
DONE ('MT', 'R') rc 0
  [NE D q=1] m=0.120: pool-infeasible (1s)
  [NE D q=1] m=0.115: pool-infeasible (3s)
  [MT D q=1] m=0.020: pool-open (37s)
DONE ('MT', 'D') rc 0
  [NE D q=1] m=0.110: pool-open (23s)
  [NE D q=2] m=0.120: pool-infeasible (1s)
  [NE D q=2] m=0.115: pool-infeasible (1s)
  [NE D q=2] m=0.110: pool-infeasible (1s)
  [NE D q=2] m=0.105: pool-infeasible (1s)
  [NE D q=2] m=0.100: pool-infeasible (1s)
  [NE D q=2] m=0.095: pool-infeasible (1s)
  [NE D q=2] m=0.090: pool-infeasible (1s)
  [NE D q=2] m=0.085: pool-infeasible (1s)
  [NE D q=2] m=0.080: pool-infeasible (1s)
  [NE D q=2] m=0.075: pool-infeasible (1s)
  [NE D q=2] m=0.070: pool-infeasible (1s)
  [NE D q=2] m=0.065: pool-infeasible (1s)
  [NE D q=2] m=0.060: pool-infeasible (1s)
  [NE D q=2] m=0.055: pool-infeasible (1s)
  [NE D q=2] m=0.050: pool-infeasible (1s)
  [NE D q=2] m=0.045: pool-infeasible (1s)
  [NE D q=2] m=0.040: pool-infeasible (1s)
  [NE D q=2] m=0.035: pool-infeasible (1s)
  [NE D q=2] m=0.030: pool-infeasible (1s)
  [NE D q=2] m=0.025: pool-infeasible (1s)
  [NE D q=2] m=0.020: pool-infeasible (3s)
  [NE R q=1] m=0.285: pool-open (40s)
  [NE D q=2] m=0.015: pool-infeasible (9s)
  [NE R q=2] m=0.190: pool-open (20s)
DONE ('NE', 'R') rc 0
  [NM D q=1] m=0.240: pool-infeasible (0s)
  [NE D q=2] m=0.010: pool-open (20s)
DONE ('NE', 'D') rc 0
  [NM D q=1] m=0.235: pool-open (27s)
  [NM D q=2] m=0.155: pool-infeasible (8s)
  [NM R q=1] m=0.160: pool-open (40s)
  [NM D q=2] m=0.150: pool-infeasible (20s)
  [NM R q=2] m=0.040: pool-open (20s)
DONE ('NM', 'R') rc 0
  [NM D q=2] m=0.145: pool-open (38s)
  [NV D q=1] m=0.200: pool-open (22s)
DONE ('NM', 'D') rc 0
  [NV D q=2] m=0.135: pool-open (22s)
  [NV R q=1] m=0.135: pool-open (29s)
  [NV D q=3] m=0.045: pool-open (28s)
DONE ('NV', 'D') rc 0
  [NV R q=2] m=0.065: pool-open (22s)
  [NV R q=3] m=0.030: pool-infeasible (0s)
  [OK D q=1] m=0.145: pool-infeasible (1s)
  [OK D q=1] m=0.140: pool-infeasible (8s)
  [OK D q=1] m=0.135: pool-infeasible (10s)
  [NV R q=3] m=0.025: pool-open (25s)
DONE ('NV', 'R') rc 0
  [OK D q=1] m=0.130: pool-open (20s)
  [OK D q=2] m=0.145: pool-infeasible (2s)
  [OK D q=2] m=0.140: pool-infeasible (2s)
  [OK D q=2] m=0.135: pool-infeasible (2s)
  [OK D q=2] m=0.130: pool-infeasible (2s)
  [OK D q=2] m=0.125: pool-infeasible (2s)
  [OK D q=2] m=0.120: pool-infeasible (2s)
  [OK D q=2] m=0.115: pool-infeasible (1s)
  [OK D q=2] m=0.110: pool-infeasible (2s)
  [OK D q=2] m=0.105: pool-infeasible (2s)
  [OK D q=2] m=0.100: pool-infeasible (2s)
  [OK D q=2] m=0.095: pool-infeasible (2s)
  [OK D q=2] m=0.090: pool-infeasible (2s)
  [OK D q=2] m=0.085: pool-infeasible (2s)
  [OK D q=2] m=0.080: pool-infeasible (2s)
  [OK D q=2] m=0.075: pool-infeasible (2s)
  [OK D q=2] m=0.070: pool-infeasible (2s)
  [OK R q=1] m=0.330: pool-open (40s)
  [OK D q=2] m=0.065: pool-infeasible (2s)
  [OK R q=2] m=0.330: pool-infeasible (1s)
  [OK D q=2] m=0.060: pool-infeasible (1s)
  [OK R q=2] m=0.325: pool-infeasible (1s)
  [OK D q=2] m=0.055: pool-infeasible (1s)
  [OK R q=2] m=0.320: pool-infeasible (1s)
  [OK D q=2] m=0.050: pool-infeasible (1s)
  [OK D q=2] m=0.045: pool-infeasible (2s)
  [OK R q=2] m=0.315: pool-infeasible (3s)
  [OK D q=2] m=0.040: pool-infeasible (2s)
  [OK D q=2] m=0.035: pool-infeasible (9s)
  [OK R q=2] m=0.310: pool-infeasible (17s)
  [OK D q=2] m=0.030: pool-infeasible (15s)
  [OK R q=2] m=0.305: pool-open (20s)
  [OK R q=3] m=0.285: pool-infeasible (2s)
  [OK R q=3] m=0.280: pool-infeasible (2s)
  [OK D q=2] m=0.025: pool-open (20s)
DONE ('OK', 'D') rc 0
  [OK R q=3] m=0.275: pool-open (20s)
  [UT D q=1] m=0.160: pool-open (32s)
  [OK R q=4] m=0.235: pool-open (20s)
  [UT D q=2] m=0.045: pool-infeasible (3s)
DONE ('OK', 'R') rc 0
  [UT D q=2] m=0.040: pool-infeasible (4s)
  [UT R q=1] m=0.325: pool-infeasible (0s)
  [UT R q=1] m=0.320: pool-infeasible (0s)
  [UT R q=1] m=0.315: pool-infeasible (0s)
  [UT R q=1] m=0.310: pool-infeasible (0s)
  [UT D q=2] m=0.035: pool-open (20s)
DONE ('UT', 'D') rc 0
  [UT R q=1] m=0.305: pool-open (24s)
  [UT R q=2] m=0.265: pool-infeasible (0s)
  [UT R q=2] m=0.260: pool-infeasible (0s)
  [UT R q=2] m=0.255: pool-infeasible (2s)
  [UT R q=2] m=0.250: pool-infeasible (8s)
  [WV R q=1] m=0.265: pool-open (40s)
DONE ('WV', 'R') rc 0
  [UT R q=2] m=0.245: pool-open (30s)
  [UT R q=3] m=0.195: pool-open (20s)
DONE ('UT', 'R') rc 0
